Archive member included to satisfy reference by file (symbol)

d:/program files (x86)/atmel/studio/7.0/toolchain/avr8/avr8-gnu-toolchain/bin/../lib/gcc/avr/5.4.0/avr6\libgcc.a(_exit.o)
                              D:/Program Files (x86)/Atmel/Studio/7.0/Packs/atmel/ATmega_DFP/1.2.132/gcc/dev/atmega2560/avr6/crtatmega2560.o (exit)
d:/program files (x86)/atmel/studio/7.0/toolchain/avr8/avr8-gnu-toolchain/bin/../lib/gcc/avr/5.4.0/avr6\libgcc.a(_copy_data.o)
                              src/btn.o (__do_copy_data)
d:/program files (x86)/atmel/studio/7.0/toolchain/avr8/avr8-gnu-toolchain/bin/../lib/gcc/avr/5.4.0/avr6\libgcc.a(_clear_bss.o)
                              src/api.o (__do_clear_bss)
d:/program files (x86)/atmel/studio/7.0/toolchain/avr8/avr8-gnu-toolchain/bin/../lib/gcc/avr/5.4.0/../../../../avr/lib/avr6\libc.a(abort.o)
                              src/driver.o (abort)

Discarded input sections

 .data          0x00000000        0x0 D:/Program Files (x86)/Atmel/Studio/7.0/Packs/atmel/ATmega_DFP/1.2.132/gcc/dev/atmega2560/avr6/crtatmega2560.o
 .bss           0x00000000        0x0 D:/Program Files (x86)/Atmel/Studio/7.0/Packs/atmel/ATmega_DFP/1.2.132/gcc/dev/atmega2560/avr6/crtatmega2560.o
 .group         0x00000000        0x8 src/api.o
 .group         0x00000000        0x8 src/api.o
 .group         0x00000000        0x8 src/api.o
 .group         0x00000000        0x8 src/api.o
 .group         0x00000000        0x8 src/api.o
 .group         0x00000000        0x8 src/api.o
 .group         0x00000000        0x8 src/api.o
 .group         0x00000000        0x8 src/api.o
 .group         0x00000000        0x8 src/api.o
 .group         0x00000000        0x8 src/api.o
 .group         0x00000000        0x8 src/api.o
 .group         0x00000000        0x8 src/api.o
 .group         0x00000000        0x8 src/api.o
 .group         0x00000000        0x8 src/api.o
 .group         0x00000000        0x8 src/api.o
 .group         0x00000000        0x8 src/api.o
 .group         0x00000000        0x8 src/api.o
 .group         0x00000000        0x8 src/api.o
 .group         0x00000000        0x8 src/api.o
 .group         0x00000000        0x8 src/api.o
 .group         0x00000000        0x8 src/api.o
 .group         0x00000000        0x8 src/api.o
 .group         0x00000000        0x8 src/api.o
 .group         0x00000000        0x8 src/api.o
 .group         0x00000000        0x8 src/api.o
 .group         0x00000000        0x8 src/api.o
 .group         0x00000000        0x8 src/api.o
 .group         0x00000000        0x8 src/api.o
 .group         0x00000000        0x8 src/api.o
 .group         0x00000000        0x8 src/api.o
 .group         0x00000000        0x8 src/api.o
 .text          0x00000000        0x0 src/api.o
 .data          0x00000000        0x0 src/api.o
 .bss           0x00000000        0x0 src/api.o
 .text.motor_api_getStatus
                0x00000000        0x6 src/api.o
 .group         0x00000000        0x8 src/ASF/common/services/clock/mega/sysclk.o
 .group         0x00000000        0x8 src/ASF/common/services/clock/mega/sysclk.o
 .group         0x00000000        0x8 src/ASF/common/services/clock/mega/sysclk.o
 .group         0x00000000        0x8 src/ASF/common/services/clock/mega/sysclk.o
 .group         0x00000000        0x8 src/ASF/common/services/clock/mega/sysclk.o
 .group         0x00000000        0x8 src/ASF/common/services/clock/mega/sysclk.o
 .group         0x00000000        0x8 src/ASF/common/services/clock/mega/sysclk.o
 .group         0x00000000        0x8 src/ASF/common/services/clock/mega/sysclk.o
 .group         0x00000000        0x8 src/ASF/common/services/clock/mega/sysclk.o
 .group         0x00000000        0x8 src/ASF/common/services/clock/mega/sysclk.o
 .group         0x00000000        0x8 src/ASF/common/services/clock/mega/sysclk.o
 .group         0x00000000        0x8 src/ASF/common/services/clock/mega/sysclk.o
 .group         0x00000000        0x8 src/ASF/common/services/clock/mega/sysclk.o
 .group         0x00000000        0x8 src/ASF/common/services/clock/mega/sysclk.o
 .group         0x00000000        0x8 src/ASF/common/services/clock/mega/sysclk.o
 .group         0x00000000        0x8 src/ASF/common/services/clock/mega/sysclk.o
 .group         0x00000000        0x8 src/ASF/common/services/clock/mega/sysclk.o
 .group         0x00000000        0x8 src/ASF/common/services/clock/mega/sysclk.o
 .group         0x00000000        0x8 src/ASF/common/services/clock/mega/sysclk.o
 .group         0x00000000        0x8 src/ASF/common/services/clock/mega/sysclk.o
 .group         0x00000000        0x8 src/ASF/common/services/clock/mega/sysclk.o
 .group         0x00000000        0x8 src/ASF/common/services/clock/mega/sysclk.o
 .group         0x00000000        0x8 src/ASF/common/services/clock/mega/sysclk.o
 .group         0x00000000        0x8 src/ASF/common/services/clock/mega/sysclk.o
 .group         0x00000000        0x8 src/ASF/common/services/clock/mega/sysclk.o
 .group         0x00000000        0x8 src/ASF/common/services/clock/mega/sysclk.o
 .group         0x00000000        0x8 src/ASF/common/services/clock/mega/sysclk.o
 .group         0x00000000        0x8 src/ASF/common/services/clock/mega/sysclk.o
 .text          0x00000000        0x0 src/ASF/common/services/clock/mega/sysclk.o
 .data          0x00000000        0x0 src/ASF/common/services/clock/mega/sysclk.o
 .bss           0x00000000        0x0 src/ASF/common/services/clock/mega/sysclk.o
 .text.sysclk_disable_module
                0x00000000       0x2e src/ASF/common/services/clock/mega/sysclk.o
 .debug_macro   0x00000000      0xa78 src/ASF/common/services/clock/mega/sysclk.o
 .debug_macro   0x00000000       0x10 src/ASF/common/services/clock/mega/sysclk.o
 .debug_macro   0x00000000      0x1c9 src/ASF/common/services/clock/mega/sysclk.o
 .debug_macro   0x00000000      0x2fc src/ASF/common/services/clock/mega/sysclk.o
 .debug_macro   0x00000000       0x9e src/ASF/common/services/clock/mega/sysclk.o
 .debug_macro   0x00000000     0x1ecb src/ASF/common/services/clock/mega/sysclk.o
 .debug_macro   0x00000000      0x100 src/ASF/common/services/clock/mega/sysclk.o
 .debug_macro   0x00000000      0x2ea src/ASF/common/services/clock/mega/sysclk.o
 .debug_macro   0x00000000       0xd9 src/ASF/common/services/clock/mega/sysclk.o
 .debug_macro   0x00000000       0x34 src/ASF/common/services/clock/mega/sysclk.o
 .debug_macro   0x00000000       0x18 src/ASF/common/services/clock/mega/sysclk.o
 .debug_macro   0x00000000       0x6c src/ASF/common/services/clock/mega/sysclk.o
 .debug_macro   0x00000000       0x22 src/ASF/common/services/clock/mega/sysclk.o
 .debug_macro   0x00000000      0x16d src/ASF/common/services/clock/mega/sysclk.o
 .debug_macro   0x00000000       0x1c src/ASF/common/services/clock/mega/sysclk.o
 .debug_macro   0x00000000       0x35 src/ASF/common/services/clock/mega/sysclk.o
 .debug_macro   0x00000000       0x66 src/ASF/common/services/clock/mega/sysclk.o
 .debug_macro   0x00000000      0x64b src/ASF/common/services/clock/mega/sysclk.o
 .debug_macro   0x00000000       0x44 src/ASF/common/services/clock/mega/sysclk.o
 .debug_macro   0x00000000       0x69 src/ASF/common/services/clock/mega/sysclk.o
 .debug_macro   0x00000000       0x2c src/ASF/common/services/clock/mega/sysclk.o
 .debug_macro   0x00000000       0x10 src/ASF/common/services/clock/mega/sysclk.o
 .debug_macro   0x00000000      0x175 src/ASF/common/services/clock/mega/sysclk.o
 .debug_macro   0x00000000       0x40 src/ASF/common/services/clock/mega/sysclk.o
 .debug_macro   0x00000000      0x100 src/ASF/common/services/clock/mega/sysclk.o
 .debug_macro   0x00000000       0x3a src/ASF/common/services/clock/mega/sysclk.o
 .debug_macro   0x00000000      0x2c6 src/ASF/common/services/clock/mega/sysclk.o
 .group         0x00000000        0x8 src/btn.o
 .group         0x00000000        0x8 src/btn.o
 .group         0x00000000        0x8 src/btn.o
 .group         0x00000000        0x8 src/btn.o
 .group         0x00000000        0x8 src/btn.o
 .group         0x00000000        0x8 src/btn.o
 .group         0x00000000        0x8 src/btn.o
 .group         0x00000000        0x8 src/btn.o
 .group         0x00000000        0x8 src/btn.o
 .group         0x00000000        0x8 src/btn.o
 .group         0x00000000        0x8 src/btn.o
 .group         0x00000000        0x8 src/btn.o
 .group         0x00000000        0x8 src/btn.o
 .group         0x00000000        0x8 src/btn.o
 .group         0x00000000        0x8 src/btn.o
 .group         0x00000000        0x8 src/btn.o
 .group         0x00000000        0x8 src/btn.o
 .group         0x00000000        0x8 src/btn.o
 .group         0x00000000        0x8 src/btn.o
 .group         0x00000000        0x8 src/btn.o
 .group         0x00000000        0x8 src/btn.o
 .group         0x00000000        0x8 src/btn.o
 .group         0x00000000        0x8 src/btn.o
 .group         0x00000000        0x8 src/btn.o
 .group         0x00000000        0x8 src/btn.o
 .group         0x00000000        0x8 src/btn.o
 .group         0x00000000        0x8 src/btn.o
 .group         0x00000000        0x8 src/btn.o
 .group         0x00000000        0x8 src/btn.o
 .group         0x00000000        0x8 src/btn.o
 .group         0x00000000        0x8 src/btn.o
 .text          0x00000000        0x0 src/btn.o
 .data          0x00000000        0x0 src/btn.o
 .bss           0x00000000        0x0 src/btn.o
 .text.BTN_Init
                0x00000000        0x6 src/btn.o
 .text.BTN_Scan
                0x00000000       0x8a src/btn.o
 .data.Past_State.2291
                0x00000000        0x5 src/btn.o
 .debug_info    0x00000000      0x399 src/btn.o
 .debug_abbrev  0x00000000      0x1cb src/btn.o
 .debug_loc     0x00000000       0xcd src/btn.o
 .debug_aranges
                0x00000000       0x28 src/btn.o
 .debug_ranges  0x00000000       0x18 src/btn.o
 .debug_macro   0x00000000      0x18f src/btn.o
 .debug_macro   0x00000000      0xa78 src/btn.o
 .debug_macro   0x00000000       0x10 src/btn.o
 .debug_macro   0x00000000      0x1c9 src/btn.o
 .debug_macro   0x00000000      0x2fc src/btn.o
 .debug_macro   0x00000000       0x9e src/btn.o
 .debug_macro   0x00000000     0x1ecb src/btn.o
 .debug_macro   0x00000000      0x100 src/btn.o
 .debug_macro   0x00000000      0x2ea src/btn.o
 .debug_macro   0x00000000       0xd9 src/btn.o
 .debug_macro   0x00000000       0x34 src/btn.o
 .debug_macro   0x00000000       0x18 src/btn.o
 .debug_macro   0x00000000       0x6c src/btn.o
 .debug_macro   0x00000000       0x22 src/btn.o
 .debug_macro   0x00000000      0x16d src/btn.o
 .debug_macro   0x00000000       0x1c src/btn.o
 .debug_macro   0x00000000       0x35 src/btn.o
 .debug_macro   0x00000000       0x66 src/btn.o
 .debug_macro   0x00000000      0x64b src/btn.o
 .debug_macro   0x00000000       0x44 src/btn.o
 .debug_macro   0x00000000       0x69 src/btn.o
 .debug_macro   0x00000000       0x2c src/btn.o
 .debug_macro   0x00000000       0x10 src/btn.o
 .debug_macro   0x00000000      0x175 src/btn.o
 .debug_macro   0x00000000       0x40 src/btn.o
 .debug_macro   0x00000000      0x100 src/btn.o
 .debug_macro   0x00000000       0x22 src/btn.o
 .debug_macro   0x00000000      0x2c6 src/btn.o
 .debug_macro   0x00000000       0x8c src/btn.o
 .debug_macro   0x00000000       0x3a src/btn.o
 .debug_macro   0x00000000       0x83 src/btn.o
 .debug_macro   0x00000000       0x3a src/btn.o
 .debug_line    0x00000000      0x4df src/btn.o
 .debug_str     0x00000000    0x12f93 src/btn.o
 .comment       0x00000000       0x31 src/btn.o
 .debug_frame   0x00000000       0x44 src/btn.o
 .group         0x00000000        0x8 src/driver.o
 .group         0x00000000        0x8 src/driver.o
 .group         0x00000000        0x8 src/driver.o
 .group         0x00000000        0x8 src/driver.o
 .group         0x00000000        0x8 src/driver.o
 .group         0x00000000        0x8 src/driver.o
 .group         0x00000000        0x8 src/driver.o
 .group         0x00000000        0x8 src/driver.o
 .group         0x00000000        0x8 src/driver.o
 .group         0x00000000        0x8 src/driver.o
 .group         0x00000000        0x8 src/driver.o
 .group         0x00000000        0x8 src/driver.o
 .group         0x00000000        0x8 src/driver.o
 .group         0x00000000        0x8 src/driver.o
 .group         0x00000000        0x8 src/driver.o
 .group         0x00000000        0x8 src/driver.o
 .group         0x00000000        0x8 src/driver.o
 .group         0x00000000        0x8 src/driver.o
 .group         0x00000000        0x8 src/driver.o
 .group         0x00000000        0x8 src/driver.o
 .group         0x00000000        0x8 src/driver.o
 .group         0x00000000        0x8 src/driver.o
 .group         0x00000000        0x8 src/driver.o
 .group         0x00000000        0x8 src/driver.o
 .group         0x00000000        0x8 src/driver.o
 .group         0x00000000        0x8 src/driver.o
 .group         0x00000000        0x8 src/driver.o
 .group         0x00000000        0x8 src/driver.o
 .group         0x00000000        0x8 src/driver.o
 .group         0x00000000        0x8 src/driver.o
 .group         0x00000000        0x8 src/driver.o
 .group         0x00000000        0x8 src/driver.o
 .group         0x00000000        0x8 src/driver.o
 .group         0x00000000        0x8 src/driver.o
 .text          0x00000000        0x0 src/driver.o
 .data          0x00000000        0x0 src/driver.o
 .bss           0x00000000        0x0 src/driver.o
 .text.motor_getStatus
                0x00000000        0x6 src/driver.o
 .debug_macro   0x00000000      0xa78 src/driver.o
 .debug_macro   0x00000000       0x10 src/driver.o
 .debug_macro   0x00000000      0x1c9 src/driver.o
 .debug_macro   0x00000000      0x2fc src/driver.o
 .debug_macro   0x00000000       0x9e src/driver.o
 .debug_macro   0x00000000     0x1ecb src/driver.o
 .debug_macro   0x00000000      0x100 src/driver.o
 .debug_macro   0x00000000      0x2ea src/driver.o
 .debug_macro   0x00000000       0xd9 src/driver.o
 .debug_macro   0x00000000       0x34 src/driver.o
 .debug_macro   0x00000000       0x18 src/driver.o
 .debug_macro   0x00000000       0x6c src/driver.o
 .debug_macro   0x00000000       0x22 src/driver.o
 .debug_macro   0x00000000      0x16d src/driver.o
 .debug_macro   0x00000000       0x1c src/driver.o
 .debug_macro   0x00000000       0x35 src/driver.o
 .debug_macro   0x00000000       0x66 src/driver.o
 .debug_macro   0x00000000      0x64b src/driver.o
 .debug_macro   0x00000000       0x44 src/driver.o
 .debug_macro   0x00000000       0x69 src/driver.o
 .debug_macro   0x00000000       0x2c src/driver.o
 .debug_macro   0x00000000       0x10 src/driver.o
 .debug_macro   0x00000000      0x175 src/driver.o
 .debug_macro   0x00000000       0x40 src/driver.o
 .debug_macro   0x00000000      0x100 src/driver.o
 .debug_macro   0x00000000       0x22 src/driver.o
 .debug_macro   0x00000000      0x2c6 src/driver.o
 .debug_macro   0x00000000       0x8c src/driver.o
 .debug_macro   0x00000000       0x3a src/driver.o
 .debug_macro   0x00000000       0x83 src/driver.o
 .debug_macro   0x00000000       0x46 src/driver.o
 .group         0x00000000        0x8 src/led.o
 .group         0x00000000        0x8 src/led.o
 .group         0x00000000        0x8 src/led.o
 .group         0x00000000        0x8 src/led.o
 .group         0x00000000        0x8 src/led.o
 .group         0x00000000        0x8 src/led.o
 .group         0x00000000        0x8 src/led.o
 .group         0x00000000        0x8 src/led.o
 .group         0x00000000        0x8 src/led.o
 .group         0x00000000        0x8 src/led.o
 .group         0x00000000        0x8 src/led.o
 .group         0x00000000        0x8 src/led.o
 .group         0x00000000        0x8 src/led.o
 .group         0x00000000        0x8 src/led.o
 .group         0x00000000        0x8 src/led.o
 .group         0x00000000        0x8 src/led.o
 .group         0x00000000        0x8 src/led.o
 .group         0x00000000        0x8 src/led.o
 .group         0x00000000        0x8 src/led.o
 .group         0x00000000        0x8 src/led.o
 .group         0x00000000        0x8 src/led.o
 .group         0x00000000        0x8 src/led.o
 .group         0x00000000        0x8 src/led.o
 .group         0x00000000        0x8 src/led.o
 .group         0x00000000        0x8 src/led.o
 .group         0x00000000        0x8 src/led.o
 .group         0x00000000        0x8 src/led.o
 .group         0x00000000        0x8 src/led.o
 .group         0x00000000        0x8 src/led.o
 .group         0x00000000        0x8 src/led.o
 .group         0x00000000        0x8 src/led.o
 .text          0x00000000        0x0 src/led.o
 .data          0x00000000        0x0 src/led.o
 .bss           0x00000000        0x0 src/led.o
 .text.vLedToggle
                0x00000000       0x20 src/led.o
 .debug_macro   0x00000000      0xa78 src/led.o
 .debug_macro   0x00000000       0x10 src/led.o
 .debug_macro   0x00000000      0x1c9 src/led.o
 .debug_macro   0x00000000      0x2fc src/led.o
 .debug_macro   0x00000000       0x9e src/led.o
 .debug_macro   0x00000000     0x1ecb src/led.o
 .debug_macro   0x00000000      0x100 src/led.o
 .debug_macro   0x00000000      0x2ea src/led.o
 .debug_macro   0x00000000       0xd9 src/led.o
 .debug_macro   0x00000000       0x34 src/led.o
 .debug_macro   0x00000000       0x18 src/led.o
 .debug_macro   0x00000000       0x6c src/led.o
 .debug_macro   0x00000000       0x22 src/led.o
 .debug_macro   0x00000000      0x16d src/led.o
 .debug_macro   0x00000000       0x1c src/led.o
 .debug_macro   0x00000000       0x35 src/led.o
 .debug_macro   0x00000000       0x66 src/led.o
 .debug_macro   0x00000000      0x64b src/led.o
 .debug_macro   0x00000000       0x44 src/led.o
 .debug_macro   0x00000000       0x69 src/led.o
 .debug_macro   0x00000000       0x2c src/led.o
 .debug_macro   0x00000000       0x10 src/led.o
 .debug_macro   0x00000000      0x175 src/led.o
 .debug_macro   0x00000000       0x40 src/led.o
 .debug_macro   0x00000000      0x100 src/led.o
 .debug_macro   0x00000000       0x22 src/led.o
 .debug_macro   0x00000000      0x2c6 src/led.o
 .debug_macro   0x00000000       0x8c src/led.o
 .debug_macro   0x00000000       0x3a src/led.o
 .debug_macro   0x00000000       0x83 src/led.o
 .debug_macro   0x00000000       0x2e src/led.o
 .group         0x00000000        0x8 src/pushbutton.o
 .group         0x00000000        0x8 src/pushbutton.o
 .group         0x00000000        0x8 src/pushbutton.o
 .group         0x00000000        0x8 src/pushbutton.o
 .group         0x00000000        0x8 src/pushbutton.o
 .group         0x00000000        0x8 src/pushbutton.o
 .group         0x00000000        0x8 src/pushbutton.o
 .group         0x00000000        0x8 src/pushbutton.o
 .group         0x00000000        0x8 src/pushbutton.o
 .group         0x00000000        0x8 src/pushbutton.o
 .group         0x00000000        0x8 src/pushbutton.o
 .group         0x00000000        0x8 src/pushbutton.o
 .group         0x00000000        0x8 src/pushbutton.o
 .group         0x00000000        0x8 src/pushbutton.o
 .group         0x00000000        0x8 src/pushbutton.o
 .group         0x00000000        0x8 src/pushbutton.o
 .group         0x00000000        0x8 src/pushbutton.o
 .group         0x00000000        0x8 src/pushbutton.o
 .group         0x00000000        0x8 src/pushbutton.o
 .group         0x00000000        0x8 src/pushbutton.o
 .group         0x00000000        0x8 src/pushbutton.o
 .group         0x00000000        0x8 src/pushbutton.o
 .group         0x00000000        0x8 src/pushbutton.o
 .group         0x00000000        0x8 src/pushbutton.o
 .group         0x00000000        0x8 src/pushbutton.o
 .group         0x00000000        0x8 src/pushbutton.o
 .group         0x00000000        0x8 src/pushbutton.o
 .group         0x00000000        0x8 src/pushbutton.o
 .group         0x00000000        0x8 src/pushbutton.o
 .group         0x00000000        0x8 src/pushbutton.o
 .group         0x00000000        0x8 src/pushbutton.o
 .text          0x00000000        0x0 src/pushbutton.o
 .data          0x00000000        0x0 src/pushbutton.o
 .bss           0x00000000        0x0 src/pushbutton.o
 .debug_macro   0x00000000      0xa78 src/pushbutton.o
 .debug_macro   0x00000000       0x10 src/pushbutton.o
 .debug_macro   0x00000000      0x1c9 src/pushbutton.o
 .debug_macro   0x00000000      0x2fc src/pushbutton.o
 .debug_macro   0x00000000       0x9e src/pushbutton.o
 .debug_macro   0x00000000     0x1ecb src/pushbutton.o
 .debug_macro   0x00000000      0x100 src/pushbutton.o
 .debug_macro   0x00000000      0x2ea src/pushbutton.o
 .debug_macro   0x00000000       0xd9 src/pushbutton.o
 .debug_macro   0x00000000       0x34 src/pushbutton.o
 .debug_macro   0x00000000       0x18 src/pushbutton.o
 .debug_macro   0x00000000       0x6c src/pushbutton.o
 .debug_macro   0x00000000       0x22 src/pushbutton.o
 .debug_macro   0x00000000      0x16d src/pushbutton.o
 .debug_macro   0x00000000       0x1c src/pushbutton.o
 .debug_macro   0x00000000       0x35 src/pushbutton.o
 .debug_macro   0x00000000       0x66 src/pushbutton.o
 .debug_macro   0x00000000      0x64b src/pushbutton.o
 .debug_macro   0x00000000       0x44 src/pushbutton.o
 .debug_macro   0x00000000       0x69 src/pushbutton.o
 .debug_macro   0x00000000       0x2c src/pushbutton.o
 .debug_macro   0x00000000       0x10 src/pushbutton.o
 .debug_macro   0x00000000      0x175 src/pushbutton.o
 .debug_macro   0x00000000       0x40 src/pushbutton.o
 .debug_macro   0x00000000      0x100 src/pushbutton.o
 .debug_macro   0x00000000       0x22 src/pushbutton.o
 .debug_macro   0x00000000      0x2c6 src/pushbutton.o
 .debug_macro   0x00000000       0x8c src/pushbutton.o
 .debug_macro   0x00000000       0x3a src/pushbutton.o
 .debug_macro   0x00000000       0x83 src/pushbutton.o
 .debug_macro   0x00000000       0x2e src/pushbutton.o
 .group         0x00000000        0x8 src/tc_megarf.o
 .group         0x00000000        0x8 src/tc_megarf.o
 .group         0x00000000        0x8 src/tc_megarf.o
 .group         0x00000000        0x8 src/tc_megarf.o
 .group         0x00000000        0x8 src/tc_megarf.o
 .group         0x00000000        0x8 src/tc_megarf.o
 .group         0x00000000        0x8 src/tc_megarf.o
 .group         0x00000000        0x8 src/tc_megarf.o
 .group         0x00000000        0x8 src/tc_megarf.o
 .group         0x00000000        0x8 src/tc_megarf.o
 .group         0x00000000        0x8 src/tc_megarf.o
 .group         0x00000000        0x8 src/tc_megarf.o
 .group         0x00000000        0x8 src/tc_megarf.o
 .group         0x00000000        0x8 src/tc_megarf.o
 .group         0x00000000        0x8 src/tc_megarf.o
 .group         0x00000000        0x8 src/tc_megarf.o
 .group         0x00000000        0x8 src/tc_megarf.o
 .group         0x00000000        0x8 src/tc_megarf.o
 .group         0x00000000        0x8 src/tc_megarf.o
 .group         0x00000000        0x8 src/tc_megarf.o
 .group         0x00000000        0x8 src/tc_megarf.o
 .group         0x00000000        0x8 src/tc_megarf.o
 .group         0x00000000        0x8 src/tc_megarf.o
 .group         0x00000000        0x8 src/tc_megarf.o
 .group         0x00000000        0x8 src/tc_megarf.o
 .group         0x00000000        0x8 src/tc_megarf.o
 .group         0x00000000        0x8 src/tc_megarf.o
 .group         0x00000000        0x8 src/tc_megarf.o
 .group         0x00000000        0x8 src/tc_megarf.o
 .group         0x00000000        0x8 src/tc_megarf.o
 .group         0x00000000        0x8 src/tc_megarf.o
 .group         0x00000000        0x8 src/tc_megarf.o
 .text          0x00000000        0x0 src/tc_megarf.o
 .data          0x00000000        0x0 src/tc_megarf.o
 .bss           0x00000000        0x0 src/tc_megarf.o
 .text.tc_enable
                0x00000000       0x82 src/tc_megarf.o
 .text.tc_disable
                0x00000000       0x82 src/tc_megarf.o
 .text.tc_set_overflow_interrupt_callback
                0x00000000       0x40 src/tc_megarf.o
 .text.tc_set_compa_interrupt_callback
                0x00000000       0x40 src/tc_megarf.o
 .text.tc_set_compb_interrupt_callback
                0x00000000       0x40 src/tc_megarf.o
 .text.tc_set_compc_interrupt_callback
                0x00000000       0x40 src/tc_megarf.o
 .debug_macro   0x00000000      0xa78 src/tc_megarf.o
 .debug_macro   0x00000000      0x1c9 src/tc_megarf.o
 .debug_macro   0x00000000       0x10 src/tc_megarf.o
 .debug_macro   0x00000000       0x9e src/tc_megarf.o
 .debug_macro   0x00000000     0x1ecb src/tc_megarf.o
 .debug_macro   0x00000000      0x100 src/tc_megarf.o
 .debug_macro   0x00000000      0x2ea src/tc_megarf.o
 .debug_macro   0x00000000       0xd9 src/tc_megarf.o
 .debug_macro   0x00000000       0x34 src/tc_megarf.o
 .debug_macro   0x00000000       0x18 src/tc_megarf.o
 .debug_macro   0x00000000       0x6c src/tc_megarf.o
 .debug_macro   0x00000000       0x22 src/tc_megarf.o
 .debug_macro   0x00000000      0x16d src/tc_megarf.o
 .debug_macro   0x00000000       0x1c src/tc_megarf.o
 .debug_macro   0x00000000       0x35 src/tc_megarf.o
 .debug_macro   0x00000000       0x66 src/tc_megarf.o
 .debug_macro   0x00000000      0x64b src/tc_megarf.o
 .debug_macro   0x00000000       0x44 src/tc_megarf.o
 .debug_macro   0x00000000       0x69 src/tc_megarf.o
 .debug_macro   0x00000000       0x2c src/tc_megarf.o
 .debug_macro   0x00000000       0x10 src/tc_megarf.o
 .debug_macro   0x00000000      0x175 src/tc_megarf.o
 .debug_macro   0x00000000       0x40 src/tc_megarf.o
 .debug_macro   0x00000000      0x100 src/tc_megarf.o
 .debug_macro   0x00000000       0x22 src/tc_megarf.o
 .debug_macro   0x00000000      0x2c6 src/tc_megarf.o
 .debug_macro   0x00000000       0x8c src/tc_megarf.o
 .debug_macro   0x00000000       0x3a src/tc_megarf.o
 .debug_macro   0x00000000       0x83 src/tc_megarf.o
 .debug_macro   0x00000000       0x2e src/tc_megarf.o
 .debug_macro   0x00000000       0x28 src/tc_megarf.o
 .group         0x00000000        0x8 src/ASF/mega/boards/stk600/rcx_x/init.o
 .group         0x00000000        0x8 src/ASF/mega/boards/stk600/rcx_x/init.o
 .group         0x00000000        0x8 src/ASF/mega/boards/stk600/rcx_x/init.o
 .group         0x00000000        0x8 src/ASF/mega/boards/stk600/rcx_x/init.o
 .group         0x00000000        0x8 src/ASF/mega/boards/stk600/rcx_x/init.o
 .group         0x00000000        0x8 src/ASF/mega/boards/stk600/rcx_x/init.o
 .group         0x00000000        0x8 src/ASF/mega/boards/stk600/rcx_x/init.o
 .group         0x00000000        0x8 src/ASF/mega/boards/stk600/rcx_x/init.o
 .group         0x00000000        0x8 src/ASF/mega/boards/stk600/rcx_x/init.o
 .group         0x00000000        0x8 src/ASF/mega/boards/stk600/rcx_x/init.o
 .group         0x00000000        0x8 src/ASF/mega/boards/stk600/rcx_x/init.o
 .group         0x00000000        0x8 src/ASF/mega/boards/stk600/rcx_x/init.o
 .group         0x00000000        0x8 src/ASF/mega/boards/stk600/rcx_x/init.o
 .group         0x00000000        0x8 src/ASF/mega/boards/stk600/rcx_x/init.o
 .group         0x00000000        0x8 src/ASF/mega/boards/stk600/rcx_x/init.o
 .group         0x00000000        0x8 src/ASF/mega/boards/stk600/rcx_x/init.o
 .group         0x00000000        0x8 src/ASF/mega/boards/stk600/rcx_x/init.o
 .group         0x00000000        0x8 src/ASF/mega/boards/stk600/rcx_x/init.o
 .group         0x00000000        0x8 src/ASF/mega/boards/stk600/rcx_x/init.o
 .group         0x00000000        0x8 src/ASF/mega/boards/stk600/rcx_x/init.o
 .group         0x00000000        0x8 src/ASF/mega/boards/stk600/rcx_x/init.o
 .group         0x00000000        0x8 src/ASF/mega/boards/stk600/rcx_x/init.o
 .group         0x00000000        0x8 src/ASF/mega/boards/stk600/rcx_x/init.o
 .group         0x00000000        0x8 src/ASF/mega/boards/stk600/rcx_x/init.o
 .group         0x00000000        0x8 src/ASF/mega/boards/stk600/rcx_x/init.o
 .group         0x00000000        0x8 src/ASF/mega/boards/stk600/rcx_x/init.o
 .text          0x00000000        0x0 src/ASF/mega/boards/stk600/rcx_x/init.o
 .data          0x00000000        0x0 src/ASF/mega/boards/stk600/rcx_x/init.o
 .bss           0x00000000        0x0 src/ASF/mega/boards/stk600/rcx_x/init.o
 .debug_macro   0x00000000      0xa78 src/ASF/mega/boards/stk600/rcx_x/init.o
 .debug_macro   0x00000000       0x10 src/ASF/mega/boards/stk600/rcx_x/init.o
 .debug_macro   0x00000000      0x1c9 src/ASF/mega/boards/stk600/rcx_x/init.o
 .debug_macro   0x00000000      0x2fc src/ASF/mega/boards/stk600/rcx_x/init.o
 .debug_macro   0x00000000       0x9e src/ASF/mega/boards/stk600/rcx_x/init.o
 .debug_macro   0x00000000     0x1ecb src/ASF/mega/boards/stk600/rcx_x/init.o
 .debug_macro   0x00000000      0x100 src/ASF/mega/boards/stk600/rcx_x/init.o
 .debug_macro   0x00000000      0x2ea src/ASF/mega/boards/stk600/rcx_x/init.o
 .debug_macro   0x00000000       0xd9 src/ASF/mega/boards/stk600/rcx_x/init.o
 .debug_macro   0x00000000       0x34 src/ASF/mega/boards/stk600/rcx_x/init.o
 .debug_macro   0x00000000       0x18 src/ASF/mega/boards/stk600/rcx_x/init.o
 .debug_macro   0x00000000       0x6c src/ASF/mega/boards/stk600/rcx_x/init.o
 .debug_macro   0x00000000       0x22 src/ASF/mega/boards/stk600/rcx_x/init.o
 .debug_macro   0x00000000      0x16d src/ASF/mega/boards/stk600/rcx_x/init.o
 .debug_macro   0x00000000       0x1c src/ASF/mega/boards/stk600/rcx_x/init.o
 .debug_macro   0x00000000       0x35 src/ASF/mega/boards/stk600/rcx_x/init.o
 .debug_macro   0x00000000       0x66 src/ASF/mega/boards/stk600/rcx_x/init.o
 .debug_macro   0x00000000      0x64b src/ASF/mega/boards/stk600/rcx_x/init.o
 .debug_macro   0x00000000       0x44 src/ASF/mega/boards/stk600/rcx_x/init.o
 .debug_macro   0x00000000       0x69 src/ASF/mega/boards/stk600/rcx_x/init.o
 .debug_macro   0x00000000       0x2c src/ASF/mega/boards/stk600/rcx_x/init.o
 .debug_macro   0x00000000       0x10 src/ASF/mega/boards/stk600/rcx_x/init.o
 .debug_macro   0x00000000      0x175 src/ASF/mega/boards/stk600/rcx_x/init.o
 .debug_macro   0x00000000       0x40 src/ASF/mega/boards/stk600/rcx_x/init.o
 .debug_macro   0x00000000      0x100 src/ASF/mega/boards/stk600/rcx_x/init.o
 .group         0x00000000        0x8 src/main.o
 .group         0x00000000        0x8 src/main.o
 .group         0x00000000        0x8 src/main.o
 .group         0x00000000        0x8 src/main.o
 .group         0x00000000        0x8 src/main.o
 .group         0x00000000        0x8 src/main.o
 .group         0x00000000        0x8 src/main.o
 .group         0x00000000        0x8 src/main.o
 .group         0x00000000        0x8 src/main.o
 .group         0x00000000        0x8 src/main.o
 .group         0x00000000        0x8 src/main.o
 .group         0x00000000        0x8 src/main.o
 .group         0x00000000        0x8 src/main.o
 .group         0x00000000        0x8 src/main.o
 .group         0x00000000        0x8 src/main.o
 .group         0x00000000        0x8 src/main.o
 .group         0x00000000        0x8 src/main.o
 .group         0x00000000        0x8 src/main.o
 .group         0x00000000        0x8 src/main.o
 .group         0x00000000        0x8 src/main.o
 .group         0x00000000        0x8 src/main.o
 .group         0x00000000        0x8 src/main.o
 .group         0x00000000        0x8 src/main.o
 .group         0x00000000        0x8 src/main.o
 .group         0x00000000        0x8 src/main.o
 .group         0x00000000        0x8 src/main.o
 .group         0x00000000        0x8 src/main.o
 .group         0x00000000        0x8 src/main.o
 .group         0x00000000        0x8 src/main.o
 .group         0x00000000        0x8 src/main.o
 .group         0x00000000        0x8 src/main.o
 .group         0x00000000        0x8 src/main.o
 .group         0x00000000        0x8 src/main.o
 .text          0x00000000        0x0 src/main.o
 .data          0x00000000        0x0 src/main.o
 .bss           0x00000000        0x0 src/main.o
 .debug_macro   0x00000000      0xa78 src/main.o
 .debug_macro   0x00000000       0x10 src/main.o
 .debug_macro   0x00000000      0x1c9 src/main.o
 .debug_macro   0x00000000      0x2fc src/main.o
 .debug_macro   0x00000000       0x9e src/main.o
 .debug_macro   0x00000000     0x1ecb src/main.o
 .debug_macro   0x00000000      0x100 src/main.o
 .debug_macro   0x00000000      0x2ea src/main.o
 .debug_macro   0x00000000       0xd9 src/main.o
 .debug_macro   0x00000000       0x34 src/main.o
 .debug_macro   0x00000000       0x18 src/main.o
 .debug_macro   0x00000000       0x6c src/main.o
 .debug_macro   0x00000000       0x22 src/main.o
 .debug_macro   0x00000000      0x16d src/main.o
 .debug_macro   0x00000000       0x1c src/main.o
 .debug_macro   0x00000000       0x35 src/main.o
 .debug_macro   0x00000000       0x66 src/main.o
 .debug_macro   0x00000000      0x64b src/main.o
 .debug_macro   0x00000000       0x44 src/main.o
 .debug_macro   0x00000000       0x69 src/main.o
 .debug_macro   0x00000000       0x2c src/main.o
 .debug_macro   0x00000000       0x10 src/main.o
 .debug_macro   0x00000000      0x175 src/main.o
 .debug_macro   0x00000000       0x40 src/main.o
 .debug_macro   0x00000000      0x100 src/main.o
 .debug_macro   0x00000000       0x22 src/main.o
 .debug_macro   0x00000000      0x2c6 src/main.o
 .debug_macro   0x00000000       0x8c src/main.o
 .debug_macro   0x00000000       0x3a src/main.o
 .debug_macro   0x00000000       0x83 src/main.o
 .debug_macro   0x00000000       0x46 src/main.o
 .debug_macro   0x00000000       0x2e src/main.o
 .debug_macro   0x00000000       0x28 src/main.o
 .text          0x00000000        0x0 d:/program files (x86)/atmel/studio/7.0/toolchain/avr8/avr8-gnu-toolchain/bin/../lib/gcc/avr/5.4.0/avr6\libgcc.a(_exit.o)
 .data          0x00000000        0x0 d:/program files (x86)/atmel/studio/7.0/toolchain/avr8/avr8-gnu-toolchain/bin/../lib/gcc/avr/5.4.0/avr6\libgcc.a(_exit.o)
 .bss           0x00000000        0x0 d:/program files (x86)/atmel/studio/7.0/toolchain/avr8/avr8-gnu-toolchain/bin/../lib/gcc/avr/5.4.0/avr6\libgcc.a(_exit.o)
 .text.libgcc.mul
                0x00000000        0x0 d:/program files (x86)/atmel/studio/7.0/toolchain/avr8/avr8-gnu-toolchain/bin/../lib/gcc/avr/5.4.0/avr6\libgcc.a(_exit.o)
 .text.libgcc.div
                0x00000000        0x0 d:/program files (x86)/atmel/studio/7.0/toolchain/avr8/avr8-gnu-toolchain/bin/../lib/gcc/avr/5.4.0/avr6\libgcc.a(_exit.o)
 .text.libgcc   0x00000000        0x0 d:/program files (x86)/atmel/studio/7.0/toolchain/avr8/avr8-gnu-toolchain/bin/../lib/gcc/avr/5.4.0/avr6\libgcc.a(_exit.o)
 .text.libgcc.prologue
                0x00000000        0x0 d:/program files (x86)/atmel/studio/7.0/toolchain/avr8/avr8-gnu-toolchain/bin/../lib/gcc/avr/5.4.0/avr6\libgcc.a(_exit.o)
 .text.libgcc.builtins
                0x00000000        0x0 d:/program files (x86)/atmel/studio/7.0/toolchain/avr8/avr8-gnu-toolchain/bin/../lib/gcc/avr/5.4.0/avr6\libgcc.a(_exit.o)
 .text.libgcc.fmul
                0x00000000        0x0 d:/program files (x86)/atmel/studio/7.0/toolchain/avr8/avr8-gnu-toolchain/bin/../lib/gcc/avr/5.4.0/avr6\libgcc.a(_exit.o)
 .text.libgcc.fixed
                0x00000000        0x0 d:/program files (x86)/atmel/studio/7.0/toolchain/avr8/avr8-gnu-toolchain/bin/../lib/gcc/avr/5.4.0/avr6\libgcc.a(_exit.o)
 .text          0x00000000        0x0 d:/program files (x86)/atmel/studio/7.0/toolchain/avr8/avr8-gnu-toolchain/bin/../lib/gcc/avr/5.4.0/avr6\libgcc.a(_copy_data.o)
 .data          0x00000000        0x0 d:/program files (x86)/atmel/studio/7.0/toolchain/avr8/avr8-gnu-toolchain/bin/../lib/gcc/avr/5.4.0/avr6\libgcc.a(_copy_data.o)
 .bss           0x00000000        0x0 d:/program files (x86)/atmel/studio/7.0/toolchain/avr8/avr8-gnu-toolchain/bin/../lib/gcc/avr/5.4.0/avr6\libgcc.a(_copy_data.o)
 .text.libgcc.mul
                0x00000000        0x0 d:/program files (x86)/atmel/studio/7.0/toolchain/avr8/avr8-gnu-toolchain/bin/../lib/gcc/avr/5.4.0/avr6\libgcc.a(_copy_data.o)
 .text.libgcc.div
                0x00000000        0x0 d:/program files (x86)/atmel/studio/7.0/toolchain/avr8/avr8-gnu-toolchain/bin/../lib/gcc/avr/5.4.0/avr6\libgcc.a(_copy_data.o)
 .text.libgcc   0x00000000        0x0 d:/program files (x86)/atmel/studio/7.0/toolchain/avr8/avr8-gnu-toolchain/bin/../lib/gcc/avr/5.4.0/avr6\libgcc.a(_copy_data.o)
 .text.libgcc.prologue
                0x00000000        0x0 d:/program files (x86)/atmel/studio/7.0/toolchain/avr8/avr8-gnu-toolchain/bin/../lib/gcc/avr/5.4.0/avr6\libgcc.a(_copy_data.o)
 .text.libgcc.builtins
                0x00000000        0x0 d:/program files (x86)/atmel/studio/7.0/toolchain/avr8/avr8-gnu-toolchain/bin/../lib/gcc/avr/5.4.0/avr6\libgcc.a(_copy_data.o)
 .text.libgcc.fmul
                0x00000000        0x0 d:/program files (x86)/atmel/studio/7.0/toolchain/avr8/avr8-gnu-toolchain/bin/../lib/gcc/avr/5.4.0/avr6\libgcc.a(_copy_data.o)
 .text.libgcc.fixed
                0x00000000        0x0 d:/program files (x86)/atmel/studio/7.0/toolchain/avr8/avr8-gnu-toolchain/bin/../lib/gcc/avr/5.4.0/avr6\libgcc.a(_copy_data.o)
 .text          0x00000000        0x0 d:/program files (x86)/atmel/studio/7.0/toolchain/avr8/avr8-gnu-toolchain/bin/../lib/gcc/avr/5.4.0/avr6\libgcc.a(_clear_bss.o)
 .data          0x00000000        0x0 d:/program files (x86)/atmel/studio/7.0/toolchain/avr8/avr8-gnu-toolchain/bin/../lib/gcc/avr/5.4.0/avr6\libgcc.a(_clear_bss.o)
 .bss           0x00000000        0x0 d:/program files (x86)/atmel/studio/7.0/toolchain/avr8/avr8-gnu-toolchain/bin/../lib/gcc/avr/5.4.0/avr6\libgcc.a(_clear_bss.o)
 .text.libgcc.mul
                0x00000000        0x0 d:/program files (x86)/atmel/studio/7.0/toolchain/avr8/avr8-gnu-toolchain/bin/../lib/gcc/avr/5.4.0/avr6\libgcc.a(_clear_bss.o)
 .text.libgcc.div
                0x00000000        0x0 d:/program files (x86)/atmel/studio/7.0/toolchain/avr8/avr8-gnu-toolchain/bin/../lib/gcc/avr/5.4.0/avr6\libgcc.a(_clear_bss.o)
 .text.libgcc   0x00000000        0x0 d:/program files (x86)/atmel/studio/7.0/toolchain/avr8/avr8-gnu-toolchain/bin/../lib/gcc/avr/5.4.0/avr6\libgcc.a(_clear_bss.o)
 .text.libgcc.prologue
                0x00000000        0x0 d:/program files (x86)/atmel/studio/7.0/toolchain/avr8/avr8-gnu-toolchain/bin/../lib/gcc/avr/5.4.0/avr6\libgcc.a(_clear_bss.o)
 .text.libgcc.builtins
                0x00000000        0x0 d:/program files (x86)/atmel/studio/7.0/toolchain/avr8/avr8-gnu-toolchain/bin/../lib/gcc/avr/5.4.0/avr6\libgcc.a(_clear_bss.o)
 .text.libgcc.fmul
                0x00000000        0x0 d:/program files (x86)/atmel/studio/7.0/toolchain/avr8/avr8-gnu-toolchain/bin/../lib/gcc/avr/5.4.0/avr6\libgcc.a(_clear_bss.o)
 .text.libgcc.fixed
                0x00000000        0x0 d:/program files (x86)/atmel/studio/7.0/toolchain/avr8/avr8-gnu-toolchain/bin/../lib/gcc/avr/5.4.0/avr6\libgcc.a(_clear_bss.o)
 .text          0x00000000        0x0 d:/program files (x86)/atmel/studio/7.0/toolchain/avr8/avr8-gnu-toolchain/bin/../lib/gcc/avr/5.4.0/../../../../avr/lib/avr6\libc.a(abort.o)
 .data          0x00000000        0x0 d:/program files (x86)/atmel/studio/7.0/toolchain/avr8/avr8-gnu-toolchain/bin/../lib/gcc/avr/5.4.0/../../../../avr/lib/avr6\libc.a(abort.o)
 .bss           0x00000000        0x0 d:/program files (x86)/atmel/studio/7.0/toolchain/avr8/avr8-gnu-toolchain/bin/../lib/gcc/avr/5.4.0/../../../../avr/lib/avr6\libc.a(abort.o)

Memory Configuration

Name             Origin             Length             Attributes
text             0x00000000         0x00100000         xr
data             0x00800200         0x0000fe00         rw !x
eeprom           0x00810000         0x00010000         rw !x
fuse             0x00820000         0x00000003         rw !x
lock             0x00830000         0x00000400         rw !x
signature        0x00840000         0x00000400         rw !x
user_signatures  0x00850000         0x00000400         rw !x
*default*        0x00000000         0xffffffff

Linker script and memory map

Address of section .data set to 0x800200
LOAD D:/Program Files (x86)/Atmel/Studio/7.0/Packs/atmel/ATmega_DFP/1.2.132/gcc/dev/atmega2560/avr6/crtatmega2560.o
LOAD src/api.o
LOAD src/ASF/common/services/clock/mega/sysclk.o
LOAD src/btn.o
LOAD src/driver.o
LOAD src/led.o
LOAD src/pushbutton.o
LOAD src/tc_megarf.o
LOAD src/ASF/mega/boards/stk600/rcx_x/init.o
LOAD src/main.o
START GROUP
LOAD d:/program files (x86)/atmel/studio/7.0/toolchain/avr8/avr8-gnu-toolchain/bin/../lib/gcc/avr/5.4.0/../../../../avr/lib/avr6\libm.a
END GROUP
START GROUP
LOAD d:/program files (x86)/atmel/studio/7.0/toolchain/avr8/avr8-gnu-toolchain/bin/../lib/gcc/avr/5.4.0/avr6\libgcc.a
LOAD d:/program files (x86)/atmel/studio/7.0/toolchain/avr8/avr8-gnu-toolchain/bin/../lib/gcc/avr/5.4.0/../../../../avr/lib/avr6\libm.a
LOAD d:/program files (x86)/atmel/studio/7.0/toolchain/avr8/avr8-gnu-toolchain/bin/../lib/gcc/avr/5.4.0/../../../../avr/lib/avr6\libc.a
LOAD D:/Program Files (x86)/Atmel/Studio/7.0/Packs/atmel/ATmega_DFP/1.2.132/gcc/dev/atmega2560/avr6\libatmega2560.a
END GROUP
                0x00100000                __TEXT_REGION_LENGTH__ = DEFINED (__TEXT_REGION_LENGTH__)?__TEXT_REGION_LENGTH__:0x100000
                0x0000fe00                __DATA_REGION_LENGTH__ = DEFINED (__DATA_REGION_LENGTH__)?__DATA_REGION_LENGTH__:0xfe00
                0x00010000                __EEPROM_REGION_LENGTH__ = DEFINED (__EEPROM_REGION_LENGTH__)?__EEPROM_REGION_LENGTH__:0x10000
                [0x00000003]                __FUSE_REGION_LENGTH__ = DEFINED (__FUSE_REGION_LENGTH__)?__FUSE_REGION_LENGTH__:0x400
                0x00000400                __LOCK_REGION_LENGTH__ = DEFINED (__LOCK_REGION_LENGTH__)?__LOCK_REGION_LENGTH__:0x400
                0x00000400                __SIGNATURE_REGION_LENGTH__ = DEFINED (__SIGNATURE_REGION_LENGTH__)?__SIGNATURE_REGION_LENGTH__:0x400
                0x00000400                __USER_SIGNATURE_REGION_LENGTH__ = DEFINED (__USER_SIGNATURE_REGION_LENGTH__)?__USER_SIGNATURE_REGION_LENGTH__:0x400

.hash
 *(.hash)

.dynsym
 *(.dynsym)

.dynstr
 *(.dynstr)

.gnu.version
 *(.gnu.version)

.gnu.version_d
 *(.gnu.version_d)

.gnu.version_r
 *(.gnu.version_r)

.rel.init
 *(.rel.init)

.rela.init
 *(.rela.init)

.rel.text
 *(.rel.text)
 *(.rel.text.*)
 *(.rel.gnu.linkonce.t*)

.rela.text
 *(.rela.text)
 *(.rela.text.*)
 *(.rela.gnu.linkonce.t*)

.rel.fini
 *(.rel.fini)

.rela.fini
 *(.rela.fini)

.rel.rodata
 *(.rel.rodata)
 *(.rel.rodata.*)
 *(.rel.gnu.linkonce.r*)

.rela.rodata
 *(.rela.rodata)
 *(.rela.rodata.*)
 *(.rela.gnu.linkonce.r*)

.rel.data
 *(.rel.data)
 *(.rel.data.*)
 *(.rel.gnu.linkonce.d*)

.rela.data
 *(.rela.data)
 *(.rela.data.*)
 *(.rela.gnu.linkonce.d*)

.rel.ctors
 *(.rel.ctors)

.rela.ctors
 *(.rela.ctors)

.rel.dtors
 *(.rel.dtors)

.rela.dtors
 *(.rela.dtors)

.rel.got
 *(.rel.got)

.rela.got
 *(.rela.got)

.rel.bss
 *(.rel.bss)

.rela.bss
 *(.rela.bss)

.rel.plt
 *(.rel.plt)

.rela.plt
 *(.rela.plt)

.text           0x00000000      0xe34
 *(.vectors)
 .vectors       0x00000000       0xe4 D:/Program Files (x86)/Atmel/Studio/7.0/Packs/atmel/ATmega_DFP/1.2.132/gcc/dev/atmega2560/avr6/crtatmega2560.o
                0x00000000                __vector_default
                0x00000000                __vectors
 *(.vectors)
 *(.progmem.gcc*)
                0x000000e4                . = ALIGN (0x2)
                0x000000e4                __trampolines_start = .
 *(.trampolines)
 .trampolines   0x000000e4        0x0 linker stubs
 *(.trampolines*)
                0x000000e4                __trampolines_end = .
 *libprintf_flt.a:*(.progmem.data)
 *libc.a:*(.progmem.data)
 *(.progmem*)
                0x000000e4                . = ALIGN (0x2)
 *(.jumptables)
 *(.jumptables*)
 *(.lowtext)
 *(.lowtext*)
                0x000000e4                __ctors_start = .
 *(.ctors)
                0x000000e4                __ctors_end = .
                0x000000e4                __dtors_start = .
 *(.dtors)
                0x000000e4                __dtors_end = .
 SORT(*)(.ctors)
 SORT(*)(.dtors)
 *(.init0)
 .init0         0x000000e4        0x0 D:/Program Files (x86)/Atmel/Studio/7.0/Packs/atmel/ATmega_DFP/1.2.132/gcc/dev/atmega2560/avr6/crtatmega2560.o
                0x000000e4                __init
 *(.init0)
 *(.init1)
 *(.init1)
 *(.init2)
 .init2         0x000000e4       0x10 D:/Program Files (x86)/Atmel/Studio/7.0/Packs/atmel/ATmega_DFP/1.2.132/gcc/dev/atmega2560/avr6/crtatmega2560.o
 *(.init2)
 *(.init3)
 *(.init3)
 *(.init4)
 .init4         0x000000f4       0x1a d:/program files (x86)/atmel/studio/7.0/toolchain/avr8/avr8-gnu-toolchain/bin/../lib/gcc/avr/5.4.0/avr6\libgcc.a(_copy_data.o)
                0x000000f4                __do_copy_data
 .init4         0x0000010e       0x10 d:/program files (x86)/atmel/studio/7.0/toolchain/avr8/avr8-gnu-toolchain/bin/../lib/gcc/avr/5.4.0/avr6\libgcc.a(_clear_bss.o)
                0x0000010e                __do_clear_bss
 *(.init4)
 *(.init5)
 *(.init5)
 *(.init6)
 *(.init6)
 *(.init7)
 *(.init7)
 *(.init8)
 *(.init8)
 *(.init9)
 .init9         0x0000011e        0x4 D:/Program Files (x86)/Atmel/Studio/7.0/Packs/atmel/ATmega_DFP/1.2.132/gcc/dev/atmega2560/avr6/crtatmega2560.o
 *(.init9)
 *(.text)
 .text          0x00000122        0x2 D:/Program Files (x86)/Atmel/Studio/7.0/Packs/atmel/ATmega_DFP/1.2.132/gcc/dev/atmega2560/avr6/crtatmega2560.o
                0x00000122                __vector_38
                0x00000122                __vector_22
                0x00000122                __vector_28
                0x00000122                __vector_1
                0x00000122                __vector_24
                0x00000122                __vector_12
                0x00000122                __vector_55
                0x00000122                __vector_46
                0x00000122                __bad_interrupt
                0x00000122                __vector_6
                0x00000122                __vector_31
                0x00000122                __vector_39
                0x00000122                __vector_3
                0x00000122                __vector_23
                0x00000122                __vector_30
                0x00000122                __vector_25
                0x00000122                __vector_11
                0x00000122                __vector_54
                0x00000122                __vector_13
                0x00000122                __vector_56
                0x00000122                __vector_7
                0x00000122                __vector_41
                0x00000122                __vector_27
                0x00000122                __vector_5
                0x00000122                __vector_52
                0x00000122                __vector_37
                0x00000122                __vector_4
                0x00000122                __vector_51
                0x00000122                __vector_2
                0x00000122                __vector_21
                0x00000122                __vector_15
                0x00000122                __vector_36
                0x00000122                __vector_29
                0x00000122                __vector_40
                0x00000122                __vector_8
                0x00000122                __vector_26
                0x00000122                __vector_14
                0x00000122                __vector_53
                0x00000122                __vector_10
                0x00000122                __vector_16
                0x00000124                . = ALIGN (0x2)
 *(.text.*)
 .text.driver_api_init
                0x00000124        0xc src/api.o
                0x00000124                driver_api_init
 .text.motor_api_forward
                0x00000130       0x62 src/api.o
                0x00000130                motor_api_forward
 .text.motor_api_reverse
                0x00000192       0x62 src/api.o
                0x00000192                motor_api_reverse
 .text.motor_api_stop
                0x000001f4       0x32 src/api.o
                0x000001f4                motor_api_stop
 .text.sysclk_init
                0x00000226       0x36 src/ASF/common/services/clock/mega/sysclk.o
                0x00000226                sysclk_init
 .text.sysclk_enable_module
                0x0000025c       0x30 src/ASF/common/services/clock/mega/sysclk.o
                0x0000025c                sysclk_enable_module
 .text.driver_init
                0x0000028c      0x1d2 src/driver.o
                0x0000028c                driver_init
 .text.motor_forward
                0x0000045e      0x106 src/driver.o
                0x0000045e                motor_forward
 .text.motor_reverse
                0x00000564      0x106 src/driver.o
                0x00000564                motor_reverse
 .text.motor_stop
                0x0000066a       0x2e src/driver.o
                0x0000066a                motor_stop
 .text.__vector_9
                0x00000698      0x112 src/driver.o
                0x00000698                __vector_9
 .text.vLedInit
                0x000007aa       0x12 src/led.o
                0x000007aa                vLedInit
 .text.vLedOn   0x000007bc        0xc src/led.o
                0x000007bc                vLedOn
 .text.vLedOff  0x000007c8        0xa src/led.o
                0x000007c8                vLedOff
 .text.vPButtonInit
                0x000007d2       0x16 src/pushbutton.o
                0x000007d2                vPButtonInit
 .text.getPButtonPressed
                0x000007e8        0xc src/pushbutton.o
                0x000007e8                getPButtonPressed
 .text.IsPButtonPressed
                0x000007f4       0x10 src/pushbutton.o
                0x000007f4                IsPButtonPressed
 .text.__vector_20
                0x00000804       0x5a src/tc_megarf.o
                0x00000804                __vector_20
 .text.__vector_17
                0x0000085e       0x5a src/tc_megarf.o
                0x0000085e                __vector_17
 .text.__vector_18
                0x000008b8       0x5a src/tc_megarf.o
                0x000008b8                __vector_18
 .text.__vector_19
                0x00000912       0x5a src/tc_megarf.o
                0x00000912                __vector_19
 .text.__vector_35
                0x0000096c       0x5a src/tc_megarf.o
                0x0000096c                __vector_35
 .text.__vector_32
                0x000009c6       0x5a src/tc_megarf.o
                0x000009c6                __vector_32
 .text.__vector_33
                0x00000a20       0x5a src/tc_megarf.o
                0x00000a20                __vector_33
 .text.__vector_34
                0x00000a7a       0x5a src/tc_megarf.o
                0x00000a7a                __vector_34
 .text.__vector_45
                0x00000ad4       0x5a src/tc_megarf.o
                0x00000ad4                __vector_45
 .text.__vector_42
                0x00000b2e       0x5a src/tc_megarf.o
                0x00000b2e                __vector_42
 .text.__vector_43
                0x00000b88       0x5a src/tc_megarf.o
                0x00000b88                __vector_43
 .text.__vector_44
                0x00000be2       0x5a src/tc_megarf.o
                0x00000be2                __vector_44
 .text.__vector_50
                0x00000c3c       0x5a src/tc_megarf.o
                0x00000c3c                __vector_50
 .text.__vector_47
                0x00000c96       0x5a src/tc_megarf.o
                0x00000c96                __vector_47
 .text.__vector_48
                0x00000cf0       0x5a src/tc_megarf.o
                0x00000cf0                __vector_48
 .text.__vector_49
                0x00000d4a       0x5a src/tc_megarf.o
                0x00000d4a                __vector_49
 .text.board_init
                0x00000da4        0x2 src/ASF/mega/boards/stk600/rcx_x/init.o
                0x00000da4                board_init
 .text.emergency_callback
                0x00000da6       0x20 src/main.o
                0x00000da6                emergency_callback
 .text.main     0x00000dc6       0x62 src/main.o
                0x00000dc6                main
 .text.avr-libc
                0x00000e28        0x8 d:/program files (x86)/atmel/studio/7.0/toolchain/avr8/avr8-gnu-toolchain/bin/../lib/gcc/avr/5.4.0/../../../../avr/lib/avr6\libc.a(abort.o)
                0x00000e28                abort
                0x00000e30                . = ALIGN (0x2)
 *(.fini9)
 .fini9         0x00000e30        0x0 d:/program files (x86)/atmel/studio/7.0/toolchain/avr8/avr8-gnu-toolchain/bin/../lib/gcc/avr/5.4.0/avr6\libgcc.a(_exit.o)
                0x00000e30                _exit
                0x00000e30                exit
 *(.fini9)
 *(.fini8)
 *(.fini8)
 *(.fini7)
 *(.fini7)
 *(.fini6)
 *(.fini6)
 *(.fini5)
 *(.fini5)
 *(.fini4)
 *(.fini4)
 *(.fini3)
 *(.fini3)
 *(.fini2)
 *(.fini2)
 *(.fini1)
 *(.fini1)
 *(.fini0)
 .fini0         0x00000e30        0x4 d:/program files (x86)/atmel/studio/7.0/toolchain/avr8/avr8-gnu-toolchain/bin/../lib/gcc/avr/5.4.0/avr6\libgcc.a(_exit.o)
 *(.fini0)
                0x00000e34                _etext = .

.data           0x00800200        0x0 load address 0x00000e34
                0x00800200                PROVIDE (__data_start, .)
 *(.data)
 *(.data*)
 *(.rodata)
 *(.rodata*)
 *(.gnu.linkonce.d*)
                0x00800200                . = ALIGN (0x2)
                0x00800200                _edata = .
                0x00800200                PROVIDE (__data_end, .)

.bss            0x00800200       0x2f
                0x00800200                PROVIDE (__bss_start, .)
 *(.bss)
 *(.bss*)
 .bss.drvr_state
                0x00800200        0x1 src/api.o
 .bss.bEmergency_state
                0x00800201        0x1 src/driver.o
 .bss.ui8PWM_channelB
                0x00800202        0x1 src/driver.o
 .bss.ui8PWM_channelA
                0x00800203        0x1 src/driver.o
 .bss.ui8Emergency_switch
                0x00800204        0x1 src/driver.o
 .bss.ui8Chnl   0x00800205        0x1 src/driver.o
 .bss.port      0x00800206        0x2 src/driver.o
 .bss.vpTmr     0x00800208        0x2 src/driver.o
 .bss.drv_state
                0x0080020a        0x1 src/driver.o
 .bss.drv_callback
                0x0080020b        0x2 src/driver.o
 .bss.tc_tccr5_compc_callback
                0x0080020d        0x2 src/tc_megarf.o
 .bss.tc_tccr5_compb_callback
                0x0080020f        0x2 src/tc_megarf.o
 .bss.tc_tccr5_compa_callback
                0x00800211        0x2 src/tc_megarf.o
 .bss.tc_tccr5_ovf_callback
                0x00800213        0x2 src/tc_megarf.o
 .bss.tc_tccr4_compc_callback
                0x00800215        0x2 src/tc_megarf.o
 .bss.tc_tccr4_compb_callback
                0x00800217        0x2 src/tc_megarf.o
 .bss.tc_tccr4_compa_callback
                0x00800219        0x2 src/tc_megarf.o
 .bss.tc_tccr4_ovf_callback
                0x0080021b        0x2 src/tc_megarf.o
 .bss.tc_tccr3_compc_callback
                0x0080021d        0x2 src/tc_megarf.o
 .bss.tc_tccr3_compb_callback
                0x0080021f        0x2 src/tc_megarf.o
 .bss.tc_tccr3_compa_callback
                0x00800221        0x2 src/tc_megarf.o
 .bss.tc_tccr3_ovf_callback
                0x00800223        0x2 src/tc_megarf.o
 .bss.tc_tccr1_compc_callback
                0x00800225        0x2 src/tc_megarf.o
 .bss.tc_tccr1_compb_callback
                0x00800227        0x2 src/tc_megarf.o
 .bss.tc_tccr1_compa_callback
                0x00800229        0x2 src/tc_megarf.o
 .bss.tc_tccr1_ovf_callback
                0x0080022b        0x2 src/tc_megarf.o
 .bss.pEmergencyLedPort
                0x0080022d        0x2 src/main.o
                0x0080022d                pEmergencyLedPort
 *(COMMON)
                0x0080022f                PROVIDE (__bss_end, .)
                0x00000e34                __data_load_start = LOADADDR (.data)
                0x00000e34                __data_load_end = (__data_load_start + SIZEOF (.data))

.noinit         0x0080022f        0x0
                [!provide]                PROVIDE (__noinit_start, .)
 *(.noinit*)
                [!provide]                PROVIDE (__noinit_end, .)
                0x0080022f                _end = .
                [!provide]                PROVIDE (__heap_start, .)

.eeprom         0x00810000        0x0
 *(.eeprom*)
                0x00810000                __eeprom_end = .

.fuse
 *(.fuse)
 *(.lfuse)
 *(.hfuse)
 *(.efuse)

.lock
 *(.lock*)

.signature
 *(.signature*)

.user_signatures
 *(.user_signatures*)

.stab
 *(.stab)

.stabstr
 *(.stabstr)

.stab.excl
 *(.stab.excl)

.stab.exclstr
 *(.stab.exclstr)

.stab.index
 *(.stab.index)

.stab.indexstr
 *(.stab.indexstr)

.comment        0x00000000       0x30
 *(.comment)
 .comment       0x00000000       0x30 src/api.o
                                 0x31 (size before relaxing)
 .comment       0x00000030       0x31 src/ASF/common/services/clock/mega/sysclk.o
 .comment       0x00000030       0x31 src/driver.o
 .comment       0x00000030       0x31 src/led.o
 .comment       0x00000030       0x31 src/pushbutton.o
 .comment       0x00000030       0x31 src/tc_megarf.o
 .comment       0x00000030       0x31 src/ASF/mega/boards/stk600/rcx_x/init.o
 .comment       0x00000030       0x31 src/main.o

.note.gnu.avr.deviceinfo
                0x00000000       0x40
 .note.gnu.avr.deviceinfo
                0x00000000       0x40 D:/Program Files (x86)/Atmel/Studio/7.0/Packs/atmel/ATmega_DFP/1.2.132/gcc/dev/atmega2560/avr6/crtatmega2560.o

.note.gnu.build-id
 *(.note.gnu.build-id)

.debug
 *(.debug)

.line
 *(.line)

.debug_srcinfo
 *(.debug_srcinfo)

.debug_sfnames
 *(.debug_sfnames)

.debug_aranges  0x00000000      0x230
 *(.debug_aranges)
 .debug_aranges
                0x00000000       0x40 src/api.o
 .debug_aranges
                0x00000040       0x30 src/ASF/common/services/clock/mega/sysclk.o
 .debug_aranges
                0x00000070       0x48 src/driver.o
 .debug_aranges
                0x000000b8       0x38 src/led.o
 .debug_aranges
                0x000000f0       0x30 src/pushbutton.o
 .debug_aranges
                0x00000120       0xc8 src/tc_megarf.o
 .debug_aranges
                0x000001e8       0x20 src/ASF/mega/boards/stk600/rcx_x/init.o
 .debug_aranges
                0x00000208       0x28 src/main.o

.debug_pubnames
 *(.debug_pubnames)

.debug_info     0x00000000     0x2b64
 *(.debug_info .gnu.linkonce.wi.*)
 .debug_info    0x00000000      0xbbc D:/Program Files (x86)/Atmel/Studio/7.0/Packs/atmel/ATmega_DFP/1.2.132/gcc/dev/atmega2560/avr6/crtatmega2560.o
 .debug_info    0x00000bbc      0x3bb src/api.o
 .debug_info    0x00000f77      0x2b5 src/ASF/common/services/clock/mega/sysclk.o
 .debug_info    0x0000122c      0xb99 src/driver.o
 .debug_info    0x00001dc5      0x1d7 src/led.o
 .debug_info    0x00001f9c      0x1b6 src/pushbutton.o
 .debug_info    0x00002152      0x703 src/tc_megarf.o
 .debug_info    0x00002855       0x7c src/ASF/mega/boards/stk600/rcx_x/init.o
 .debug_info    0x000028d1      0x293 src/main.o

.debug_abbrev   0x00000000     0x162b
 *(.debug_abbrev)
 .debug_abbrev  0x00000000      0xb1a D:/Program Files (x86)/Atmel/Studio/7.0/Packs/atmel/ATmega_DFP/1.2.132/gcc/dev/atmega2560/avr6/crtatmega2560.o
 .debug_abbrev  0x00000b1a      0x191 src/api.o
 .debug_abbrev  0x00000cab      0x1a6 src/ASF/common/services/clock/mega/sysclk.o
 .debug_abbrev  0x00000e51      0x286 src/driver.o
 .debug_abbrev  0x000010d7       0xba src/led.o
 .debug_abbrev  0x00001191      0x132 src/pushbutton.o
 .debug_abbrev  0x000012c3      0x20b src/tc_megarf.o
 .debug_abbrev  0x000014ce       0x47 src/ASF/mega/boards/stk600/rcx_x/init.o
 .debug_abbrev  0x00001515      0x116 src/main.o

.debug_line     0x00000000     0x30ab
 *(.debug_line .debug_line.* .debug_line_end)
 .debug_line    0x00000000      0x1f9 D:/Program Files (x86)/Atmel/Studio/7.0/Packs/atmel/ATmega_DFP/1.2.132/gcc/dev/atmega2560/avr6/crtatmega2560.o
 .debug_line    0x000001f9      0x5fb src/api.o
 .debug_line    0x000007f4      0x477 src/ASF/common/services/clock/mega/sysclk.o
 .debug_line    0x00000c6b      0x940 src/driver.o
 .debug_line    0x000015ab      0x4ce src/led.o
 .debug_line    0x00001a79      0x4cb src/pushbutton.o
 .debug_line    0x00001f44      0x8c1 src/tc_megarf.o
 .debug_line    0x00002805      0x36e src/ASF/mega/boards/stk600/rcx_x/init.o
 .debug_line    0x00002b73      0x538 src/main.o

.debug_frame    0x00000000      0x90c
 *(.debug_frame)
 .debug_frame   0x00000000       0xac src/api.o
 .debug_frame   0x000000ac       0x74 src/ASF/common/services/clock/mega/sysclk.o
 .debug_frame   0x00000120       0xd8 src/driver.o
 .debug_frame   0x000001f8       0x54 src/led.o
 .debug_frame   0x0000024c       0x44 src/pushbutton.o
 .debug_frame   0x00000290      0x624 src/tc_megarf.o
 .debug_frame   0x000008b4       0x24 src/ASF/mega/boards/stk600/rcx_x/init.o
 .debug_frame   0x000008d8       0x34 src/main.o

.debug_str      0x00000000    0x13c57
 *(.debug_str)
 .debug_str     0x00000000      0x3e6 D:/Program Files (x86)/Atmel/Studio/7.0/Packs/atmel/ATmega_DFP/1.2.132/gcc/dev/atmega2560/avr6/crtatmega2560.o
 .debug_str     0x000003e6    0x12d1b src/api.o
                              0x12f35 (size before relaxing)
 .debug_str     0x00013101       0xb2 src/ASF/common/services/clock/mega/sysclk.o
                              0x12b26 (size before relaxing)
 .debug_str     0x000131b3      0x553 src/driver.o
                              0x13434 (size before relaxing)
 .debug_str     0x00013706       0x54 src/led.o
                              0x12e4b (size before relaxing)
 .debug_str     0x0001375a       0x3b src/pushbutton.o
                              0x12e7a (size before relaxing)
 .debug_str     0x00013795      0x337 src/tc_megarf.o
                              0x13239 (size before relaxing)
 .debug_str     0x00013acc       0x44 src/ASF/mega/boards/stk600/rcx_x/init.o
                              0x1280c (size before relaxing)
 .debug_str     0x00013b10      0x147 src/main.o
                              0x130ab (size before relaxing)

.debug_loc      0x00000000     0x23e0
 *(.debug_loc)
 .debug_loc     0x00000000      0x1f3 src/api.o
 .debug_loc     0x000001f3      0x1f2 src/ASF/common/services/clock/mega/sysclk.o
 .debug_loc     0x000003e5      0xc1e src/driver.o
 .debug_loc     0x00001003      0x1a0 src/led.o
 .debug_loc     0x000011a3      0x17a src/pushbutton.o
 .debug_loc     0x0000131d     0x104a src/tc_megarf.o
 .debug_loc     0x00002367       0x79 src/main.o

.debug_macinfo
 *(.debug_macinfo)

.debug_weaknames
 *(.debug_weaknames)

.debug_funcnames
 *(.debug_funcnames)

.debug_typenames
 *(.debug_typenames)

.debug_varnames
 *(.debug_varnames)

.debug_pubtypes
 *(.debug_pubtypes)

.debug_ranges   0x00000000      0x228
 *(.debug_ranges)
 .debug_ranges  0x00000000       0x30 src/api.o
 .debug_ranges  0x00000030       0x20 src/ASF/common/services/clock/mega/sysclk.o
 .debug_ranges  0x00000050       0xb0 src/driver.o
 .debug_ranges  0x00000100       0x28 src/led.o
 .debug_ranges  0x00000128       0x20 src/pushbutton.o
 .debug_ranges  0x00000148       0xb8 src/tc_megarf.o
 .debug_ranges  0x00000200       0x10 src/ASF/mega/boards/stk600/rcx_x/init.o
 .debug_ranges  0x00000210       0x18 src/main.o

.debug_macro    0x00000000     0x582a
 *(.debug_macro)
 .debug_macro   0x00000000      0x199 src/api.o
 .debug_macro   0x00000199      0xa78 src/api.o
 .debug_macro   0x00000c11       0x10 src/api.o
 .debug_macro   0x00000c21      0x1c9 src/api.o
 .debug_macro   0x00000dea      0x2fc src/api.o
 .debug_macro   0x000010e6       0x9e src/api.o
 .debug_macro   0x00001184     0x1ecb src/api.o
 .debug_macro   0x0000304f      0x100 src/api.o
 .debug_macro   0x0000314f      0x2ea src/api.o
 .debug_macro   0x00003439       0xd9 src/api.o
 .debug_macro   0x00003512       0x34 src/api.o
 .debug_macro   0x00003546       0x18 src/api.o
 .debug_macro   0x0000355e       0x6c src/api.o
 .debug_macro   0x000035ca       0x22 src/api.o
 .debug_macro   0x000035ec      0x16d src/api.o
 .debug_macro   0x00003759       0x1c src/api.o
 .debug_macro   0x00003775       0x35 src/api.o
 .debug_macro   0x000037aa       0x66 src/api.o
 .debug_macro   0x00003810      0x64b src/api.o
 .debug_macro   0x00003e5b       0x44 src/api.o
 .debug_macro   0x00003e9f       0x69 src/api.o
 .debug_macro   0x00003f08       0x2c src/api.o
 .debug_macro   0x00003f34       0x10 src/api.o
 .debug_macro   0x00003f44      0x175 src/api.o
 .debug_macro   0x000040b9       0x40 src/api.o
 .debug_macro   0x000040f9      0x100 src/api.o
 .debug_macro   0x000041f9       0x22 src/api.o
 .debug_macro   0x0000421b      0x2c6 src/api.o
 .debug_macro   0x000044e1       0x8c src/api.o
 .debug_macro   0x0000456d       0x3a src/api.o
 .debug_macro   0x000045a7       0x83 src/api.o
 .debug_macro   0x0000462a       0x46 src/api.o
 .debug_macro   0x00004670      0x155 src/ASF/common/services/clock/mega/sysclk.o
 .debug_macro   0x000047c5       0x7d src/ASF/common/services/clock/mega/sysclk.o
 .debug_macro   0x00004842      0x1c4 src/driver.o
 .debug_macro   0x00004a06       0x2e src/driver.o
 .debug_macro   0x00004a34       0x28 src/driver.o
 .debug_macro   0x00004a5c       0x10 src/driver.o
 .debug_macro   0x00004a6c      0x199 src/led.o
 .debug_macro   0x00004c05      0x199 src/pushbutton.o
 .debug_macro   0x00004d9e      0x198 src/tc_megarf.o
 .debug_macro   0x00004f36      0x302 src/tc_megarf.o
 .debug_macro   0x00005238      0x143 src/ASF/mega/boards/stk600/rcx_x/init.o
 .debug_macro   0x0000537b      0x2c0 src/ASF/mega/boards/stk600/rcx_x/init.o
 .debug_macro   0x0000563b      0x1ef src/main.o
OUTPUT(Motor_Driver.elf elf32-avr)
LOAD linker stubs
